Tree:
   10
   / \
  5  12
 / \
3   6
     \
      7
       \
        9

#nodes = 7,  #leaves = 3
Infix  : 3 5 6 7 9 10 12 
Prefix : 10 5 3 6 7 9 12 
Postfix: 3 9 7 6 5 12 10 
ByLevel: 10 5 12 3 6 7 9 
