Tree:
     13
     / \
    /   \
   /     \
  8      18
 /       /
6       17
 \     /
  7   15

#nodes = 7,  #leaves = 2
Infix  : 6 7 8 13 15 17 18 
Prefix : 13 8 6 7 18 17 15 
Postfix: 7 6 8 15 17 18 13 
ByLevel: 13 8 18 6 17 7 15 
